=== build runners ===
warning: lee@0.1.0: Generated module at /root/lez-rc5/target/release/build/lee-c06da9fdebd20e21/out/program_methods/mod.rs
   Compiling program_deployment v0.1.0 (/root/lez-rc5/examples/program_deployment)
    Finished `release` profile [optimized] target(s) in 15.87s
=== refresh msig guest ELF (ABI-fixed chained calls) ===
   Compiling test_program_methods v0.1.0 (/root/lez-rc5/test_program_methods)
    Finished `release` profile [optimized] target(s) in 11.55s
=== boot local sequencer :3048 on STABLE dir /root/lez-rc5/.localnet-resume (RISC0_DEV_MODE=1) ===
boot 1: started from genesis (fresh RocksDB)
=== init wallet storage ===
=== setup voters (import funder + members 0,1) ===
MEMBER0_VOTING_ID=2VEJpiJdJK6U6g4ompYakXsCFJ9HuTt61oyV7WXNFpYj
MEMBER0_NPK=9e4280ca2d6809d3fcde49858f1908163eff11167bcdf17c33e20549cd947064
MEMBER1_VOTING_ID=HnhKLD66haegrJWP2vLaSnyQzdn6zEW8XFn7vdiLk4sT
MEMBER1_NPK=ccc0eaf33706aad11641bf85b6ef2cc1723513d45f330c1bceff8dfac6638a39
Stored persistent accounts at /root/lez-rc5/.localnet-resume/wallet/storage.json
FUNDER_ID=6iArKUXxhUJqS7kCaPNhwMWt3ro71PDyBj7jwAyE2VQV
funder 6iArKUXxhUJqS7kCaPNhwMWt3ro71PDyBj7jwAyE2VQV is funded + spendable
=== deploy msig ===
msig program_id (8x u32 le): [3100124547, 2797454125, 2467287583, 3014535533, 2620419628, 3253148841, 840948196, 515808628]
deploy tx_hash: 2262403372e8681604ce330f0040a1680b89f7db1c622ad6087e2bcf92fe8892
=== enroll x3 ===
registry account (signer-owned): CnCcqFBGeiigwxV6a8jJEiSorMzdDG8ivXpvEqXjMbnw
target member_root after all enrolls: fe674331798c881a980e994d9b58d95d43c30840b8da0f02b3d2b363be90f662
enrolling leaf 0: 7bbc77fe2ddbc4540ec187865ac2d747955d65206f8992ace457776be638cf3d
enroll 0 tx_hash: cacc90ed6b7b5120c8efd8e91737ae096dba59bf40a4e14a579818f4044f1c18
enrolling leaf 1: e897eca8215e249c5fe68e48752f104d066330dade42f48fe1a1391cece66b82
enroll 1 tx_hash: b7b5ec2ed7636c0aa7d54e0082beab1bb9c46d19c9c37af18d5306fab3ec9644
enrolling leaf 2: d9ed464c6ed3729350d0dbb79a32ba5b32e759fb2f01f0a93481380c9934b780
enroll 2 tx_hash: 7036382203d187c1f61de5fd12cc7634f2c8ac9e56788ee508e99670be80085e
=== create_proposal ===
proposal account: Hf84MVjYamaaCxmBpziYEow6JNuLH7SBNdzLwArf23vu
create_proposal tx_hash: 46d69913062b3a7c88fc77c549cd388115567337bc97c00e0421c338d258c3dd
proposal ready (approval_count=0)
=== fund member 0 voting account (100) -> 2VEJpiJdJK6U6g4ompYakXsCFJ9HuTt61oyV7WXNFpYj ===
WARNING: proving in dev mode. This will not generate valid, secure proofs.
WARNING: Proving in dev mode does not generate a valid receipt. Receipts generated from this process are invalid and should never be used in production.
WARNING: proving in dev mode. This will not generate valid, secure proofs.
WARNING: Proving in dev mode does not generate a valid receipt. Receipts generated from this process are invalid and should never be used in production.
Transaction hash is 9fbf759698904ea360717cb902a89481d8eea2c514c39a4ebc36bd9006c71ac8
Received new acc Account {
    program_owner: "d9a19237236822b1f8100576ebd19a19f74178f99e284c983a4ac44acbd5b472",
    balance: 100,
    data: Data(
        [],
    ),
    nonce: Nonce(
        101405268514182539143655436745256428686,
    ),
}
Transaction data is Message { public_account_ids: [6iArKUXxhUJqS7kCaPNhwMWt3ro71PDyBj7jwAyE2VQV], nonces: [Nonce(0)], public_post_states: [Account { program_owner: "d9a19237236822b1f8100576ebd19a19f74178f99e284c983a4ac44acbd5b472", balance: 9900, data: Data([]), nonce: Nonce(0) }], encrypted_private_post_states: [EncryptedAccountData { ciphertext: Ciphertext(9f9ebd4eaa5f8eee510d3a30ff047b9ea831ab3a4e3a4d03d0a5cc816a2700b63082f4adb42c9a23297a7a4f86eab6a3d07848c79bf6d5dc23fc029cae44c835752ac0bcd252ac1dcbd1a4b9b555224ce054b71d4c663c4d2926bfa5735cfc6d69c75a6bd8a45945d9ab04f078afe12acbf15fbb490fc2aaa62507c6173ef8624dba86428a606589cf130e337a0c7513efdf57d82c), epk: EphemeralPublicKey([191, 91, 98, 63, 242, 198, 108, 5, 24, 37, 173, 56, 98, 223, 201, 112, 15, 230, 241, 144, 143, 239, 74, 29, 169, 134, 112, 177, 174, 129, 70, 63, 11, 193, 238, 158, 159, 36, 77, 120, 154, 246, 88, 209, 250, 66, 252, 250, 235, 73, 143, 150, 106, 81, 103, 252, 69, 248, 214, 36, 56, 209, 63, 132, 197, 240, 254, 74, 115, 144, 160, 83, 12, 216, 183, 16, 76, 159, 194, 202, 229, 129, 59, 249, 253, 69, 109, 61, 174, 135, 185, 70, 42, 211, 140, 144, 176, 230, 16, 91, 122, 235, 199, 79, 105, 118, 228, 199, 38, 23, 137, 111, 72, 187, 59, 45, 105, 112, 143, 189, 146, 249, 28, 215, 133, 3, 55, 188, 238, 1, 90, 115, 88, 244, 170, 124, 77, 168, 55, 254, 130, 227, 226, 215, 225, 39, 249, 85, 141, 42, 114, 151, 222, 32, 207, 59, 127, 4, 105, 89, 166, 43, 13, 222, 81, 96, 75, 6, 107, 146, 50, 186, 45, 44, 75, 160, 103, 180, 75, 107, 145, 218, 77, 89, 72, 56, 132, 31, 75, 139, 33, 55, 43, 88, 102, 84, 200, 250, 117, 71, 201, 213, 241, 116, 224, 168, 53, 107, 76, 44, 130, 186, 213, 232, 16, 204, 217, 199, 199, 86, 159, 142, 154, 84, 241, 31, 113, 97, 200, 255, 63, 24, 220, 177, 194, 106, 213, 48, 53, 66, 196, 118, 201, 8, 166, 191, 77, 220, 18, 205, 174, 12, 233, 174, 124, 136, 240, 182, 42, 155, 100, 224, 104, 237, 116, 19, 100, 211, 214, 202, 172, 107, 254, 161, 54, 112, 227, 173, 112, 205, 240, 217, 186, 196, 179, 50, 75, 207, 29, 153, 130, 100, 100, 50, 72, 161, 29, 199, 18, 117, 61, 59, 135, 187, 187, 32, 207, 177, 109, 127, 64, 21, 98, 74, 42, 129, 186, 87, 31, 89, 209, 140, 20, 236, 247, 75, 8, 102, 42, 38, 44, 236, 202, 121, 7, 0, 223, 197, 183, 69, 72, 181, 228, 164, 213, 49, 146, 149, 36, 242, 200, 98, 129, 255, 77, 114, 131, 85, 36, 103, 89, 86, 192, 178, 53, 42, 223, 43, 138, 124, 117, 135, 136, 61, 127, 194, 193, 150, 48, 186, 51, 2, 90, 61, 133, 103, 181, 120, 124, 254, 157, 241, 28, 201, 170, 224, 131, 72, 29, 255, 100, 117, 69, 195, 204, 85, 176, 186, 55, 9, 233, 142, 245, 128, 201, 189, 208, 33, 79, 181, 99, 205, 169, 163, 205, 219, 41, 197, 99, 27, 37, 129, 234, 55, 210, 82, 231, 27, 210, 255, 229, 143, 203, 231, 14, 69, 197, 37, 131, 104, 192, 86, 37, 131, 16, 217, 157, 129, 212, 161, 174, 128, 246, 233, 198, 72, 197, 198, 210, 52, 249, 233, 214, 8, 167, 82, 94, 5, 175, 52, 195, 170, 70, 197, 59, 95, 60, 177, 21, 235, 167, 254, 59, 118, 133, 252, 233, 64, 70, 114, 162, 3, 58, 114, 101, 64, 55, 244, 239, 31, 169, 66, 136, 58, 65, 178, 74, 253, 65, 164, 45, 80, 146, 137, 108, 27, 139, 33, 229, 210, 119, 107, 144, 146, 188, 142, 7, 5, 194, 29, 160, 167, 216, 198, 14, 102, 2, 253, 31, 50, 168, 101, 95, 67, 245, 246, 175, 235, 240, 142, 39, 10, 172, 56, 6, 109, 85, 39, 249, 92, 145, 232, 192, 198, 193, 230, 33, 94, 51, 198, 108, 133, 222, 90, 145, 64, 76, 81, 181, 253, 105, 171, 115, 53, 81, 195, 82, 160, 58, 15, 175, 189, 152, 253, 223, 32, 18, 133, 199, 164, 201, 223, 124, 105, 241, 88, 41, 76, 46, 174, 135, 122, 21, 116, 61, 203, 74, 239, 210, 119, 42, 222, 220, 73, 34, 177, 168, 54, 228, 35, 239, 95, 240, 251, 9, 114, 243, 159, 106, 161, 212, 179, 210, 5, 187, 215, 152, 130, 12, 131, 98, 152, 182, 18, 59, 74, 173, 145, 190, 3, 201, 242, 138, 160, 22, 202, 89, 147, 207, 218, 221, 132, 2, 144, 181, 78, 202, 136, 199, 91, 229, 247, 244, 57, 98, 166, 77, 152, 137, 144, 255, 239, 126, 81, 185, 166, 32, 22, 23, 234, 239, 14, 151, 189, 15, 167, 180, 108, 67, 249, 107, 217, 64, 30, 41, 102, 153, 58, 158, 229, 78, 108, 220, 76, 146, 141, 58, 198, 231, 183, 187, 54, 123, 37, 156, 224, 133, 165, 112, 20, 221, 105, 243, 247, 140, 116, 149, 56, 37, 98, 46, 181, 177, 166, 227, 147, 56, 85, 114, 178, 247, 55, 178, 124, 51, 1, 237, 156, 57, 221, 230, 79, 18, 74, 18, 49, 233, 98, 123, 187, 64, 150, 78, 21, 59, 251, 172, 33, 70, 165, 99, 6, 27, 187, 38, 165, 224, 30, 238, 162, 127, 181, 18, 49, 94, 109, 201, 82, 142, 100, 179, 186, 146, 195, 221, 222, 92, 213, 146, 41, 166, 200, 141, 145, 87, 83, 214, 35, 135, 209, 43, 141, 58, 224, 188, 55, 51, 34, 170, 8, 240, 23, 46, 75, 29, 109, 250, 2, 20, 138, 229, 16, 78, 76, 49, 124, 45, 240, 249, 123, 184, 7, 180, 242, 199, 30, 63, 170, 138, 226, 68, 203, 113, 188, 234, 144, 158, 101, 179, 106, 200, 113, 4, 98, 33, 245, 160, 35, 154, 208, 138, 171, 255, 60, 177, 63, 101, 230, 217, 168, 56, 146, 104, 210, 113, 207, 122, 48, 9, 33, 63, 10, 113, 16, 180, 119, 238, 174, 28, 114, 168, 154, 68, 175, 237, 155, 169, 118, 29, 158, 84, 83, 216, 103, 50, 115, 10, 59, 167, 2, 43, 71, 152, 81, 15, 45, 177, 98, 14, 183, 9, 180, 196, 25, 143, 136, 26, 35, 83, 188, 30, 125, 25, 29, 19, 201, 3, 56, 229, 189, 217, 234, 135, 25, 182, 63, 2, 117, 131, 127, 5, 131, 237, 114, 100, 33, 254, 69, 215, 16, 143, 70, 132, 112, 226, 158, 52, 78, 113, 103, 146, 165, 85, 254, 67, 203, 82, 230, 180, 217, 159, 227, 199, 122, 211, 35, 17, 130, 222, 182, 180, 128, 52, 204, 240, 229, 203, 46, 93, 168, 71, 91, 16, 91, 35, 37, 177, 10, 125, 231, 231, 112, 230, 44, 14, 160, 14, 89, 102, 188, 31, 111, 203, 173, 78, 150, 75, 152, 179, 34, 140, 50, 29, 27, 204, 166, 122, 57, 232, 243, 181, 214, 32, 12, 206, 36, 216, 174]), view_tag: 4 }], new_commitments: [Commitment(9cb787d2121e87f8de2cfa53dd70a29496ee0779ed1073019728954606946a48)], new_nullifiers: [(Nullifier(5113022567fdb5d31807cce86d27bfcb5e437080487e2bc6deb3713c135e2ca8), faedc0719b65771eebb714541a20c4e59a4afef981f1762729fd8dabb8470829)], block_validity_window: ValidityWindow { from: None, to: None }, timestamp_validity_window: ValidityWindow { from: None, to: None } }
Stored persistent accounts at /root/lez-rc5/.localnet-resume/wallet/storage.json
=== fund member 1 voting account (100) -> HnhKLD66haegrJWP2vLaSnyQzdn6zEW8XFn7vdiLk4sT ===
WARNING: proving in dev mode. This will not generate valid, secure proofs.
WARNING: Proving in dev mode does not generate a valid receipt. Receipts generated from this process are invalid and should never be used in production.
WARNING: proving in dev mode. This will not generate valid, secure proofs.
WARNING: Proving in dev mode does not generate a valid receipt. Receipts generated from this process are invalid and should never be used in production.
Transaction hash is fdd5a2e1bf4aa84a53df756ed1f19f533a77fad6354921a9eda99b6121a08299
Received new acc Account {
    program_owner: "d9a19237236822b1f8100576ebd19a19f74178f99e284c983a4ac44acbd5b472",
    balance: 100,
    data: Data(
        [],
    ),
    nonce: Nonce(
        266261352706926115959585472272199997810,
    ),
}
Transaction data is Message { public_account_ids: [6iArKUXxhUJqS7kCaPNhwMWt3ro71PDyBj7jwAyE2VQV], nonces: [Nonce(1)], public_post_states: [Account { program_owner: "d9a19237236822b1f8100576ebd19a19f74178f99e284c983a4ac44acbd5b472", balance: 9800, data: Data([]), nonce: Nonce(1) }], encrypted_private_post_states: [EncryptedAccountData { ciphertext: Ciphertext(cce0a764881f6c860e3d166e5a6dbe36a140b35e2c42b2a13044932e4581e2e58dbe65ee11f20c6d7a57b527511e181804135e7f21534504a0d09e180ee10bf945b0f0acdee633def1576c0b799d21e36c7eb7126642a7528ba1fedbd8e5899c7975181033b5a28bb21ff41e1c62295c549263a86a9f2c35579ad35e12803ebca47fcd061339ee7755e3f39125e91931b21d77abfd), epk: EphemeralPublicKey([190, 229, 191, 73, 191, 60, 75, 66, 113, 174, 154, 63, 2, 254, 197, 197, 241, 230, 225, 191, 103, 203, 25, 227, 1, 251, 201, 162, 127, 105, 48, 200, 74, 105, 128, 176, 86, 42, 255, 222, 208, 72, 201, 2, 250, 65, 47, 36, 68, 215, 96, 210, 176, 170, 67, 48, 127, 194, 19, 71, 174, 255, 228, 114, 5, 120, 18, 233, 6, 32, 37, 108, 187, 151, 87, 24, 145, 220, 91, 207, 199, 160, 233, 147, 2, 47, 167, 204, 17, 32, 129, 96, 238, 212, 244, 23, 144, 188, 254, 209, 238, 73, 229, 121, 10, 195, 231, 212, 226, 138, 230, 226, 72, 137, 228, 1, 249, 4, 60, 169, 94, 220, 122, 125, 56, 185, 63, 3, 40, 253, 0, 76, 33, 11, 176, 175, 50, 35, 102, 142, 139, 74, 244, 179, 107, 56, 191, 90, 254, 255, 18, 70, 166, 48, 33, 25, 98, 125, 15, 69, 193, 126, 164, 35, 77, 226, 246, 249, 195, 56, 94, 23, 118, 166, 195, 237, 137, 124, 167, 246, 194, 246, 224, 98, 152, 184, 251, 219, 13, 76, 156, 100, 239, 196, 179, 252, 95, 19, 143, 27, 117, 224, 156, 209, 38, 106, 15, 22, 5, 226, 38, 120, 176, 24, 165, 184, 124, 152, 2, 88, 109, 113, 122, 107, 49, 14, 97, 161, 112, 202, 186, 8, 65, 132, 223, 234, 81, 241, 63, 46, 149, 207, 242, 57, 243, 44, 230, 65, 180, 137, 120, 190, 58, 192, 1, 193, 140, 9, 90, 168, 116, 238, 220, 96, 58, 125, 236, 219, 19, 14, 48, 90, 97, 161, 205, 158, 172, 87, 216, 82, 211, 174, 18, 117, 93, 189, 51, 212, 216, 135, 194, 216, 18, 18, 117, 69, 214, 205, 42, 46, 187, 254, 223, 177, 29, 99, 252, 180, 224, 90, 111, 215, 173, 241, 111, 100, 119, 36, 46, 84, 173, 77, 120, 235, 170, 22, 30, 170, 179, 27, 39, 4, 197, 245, 192, 125, 119, 234, 115, 250, 21, 41, 238, 161, 68, 13, 83, 236, 203, 206, 84, 34, 249, 219, 24, 116, 248, 201, 173, 156, 50, 170, 97, 80, 230, 10, 48, 75, 48, 120, 173, 186, 77, 141, 26, 83, 71, 39, 175, 151, 107, 191, 223, 17, 123, 155, 117, 50, 240, 35, 26, 41, 127, 44, 185, 79, 34, 122, 56, 177, 232, 95, 244, 174, 176, 182, 86, 169, 221, 243, 205, 251, 162, 16, 48, 187, 190, 161, 58, 183, 8, 110, 183, 166, 204, 87, 137, 115, 84, 2, 218, 126, 76, 47, 18, 151, 72, 137, 164, 104, 242, 96, 6, 194, 2, 136, 206, 192, 201, 101, 77, 30, 212, 239, 173, 228, 149, 239, 234, 82, 5, 233, 246, 76, 9, 221, 70, 2, 217, 104, 98, 81, 149, 179, 60, 117, 249, 196, 235, 219, 128, 1, 242, 144, 79, 45, 123, 125, 133, 173, 123, 215, 211, 149, 19, 69, 53, 125, 142, 231, 142, 134, 22, 6, 147, 92, 78, 41, 68, 207, 119, 63, 180, 134, 140, 75, 247, 66, 29, 76, 34, 50, 148, 165, 58, 66, 57, 246, 167, 12, 209, 120, 35, 142, 24, 246, 202, 118, 5, 158, 242, 107, 51, 209, 115, 15, 252, 34, 40, 41, 70, 32, 242, 108, 134, 126, 90, 46, 99, 83, 246, 206, 130, 100, 249, 243, 124, 243, 220, 28, 21, 90, 116, 6, 129, 214, 241, 75, 168, 175, 144, 167, 137, 247, 3, 178, 43, 150, 55, 35, 230, 99, 135, 149, 38, 67, 55, 116, 26, 144, 117, 103, 79, 19, 140, 1, 55, 230, 22, 169, 90, 26, 122, 202, 40, 68, 149, 188, 128, 172, 213, 50, 216, 171, 65, 248, 88, 98, 147, 255, 185, 67, 70, 97, 160, 87, 250, 197, 32, 159, 219, 65, 194, 221, 115, 242, 208, 136, 96, 124, 248, 226, 231, 154, 78, 99, 17, 58, 49, 246, 163, 207, 60, 85, 194, 77, 117, 33, 139, 178, 93, 120, 127, 13, 248, 103, 182, 4, 210, 153, 38, 135, 17, 83, 64, 195, 64, 68, 12, 196, 7, 110, 98, 74, 133, 66, 160, 52, 189, 238, 221, 36, 163, 234, 128, 42, 228, 182, 144, 220, 216, 159, 141, 46, 130, 109, 240, 166, 75, 77, 32, 158, 239, 48, 187, 76, 109, 39, 250, 125, 214, 106, 139, 88, 122, 172, 228, 77, 205, 106, 227, 219, 209, 96, 16, 180, 5, 249, 209, 186, 48, 186, 148, 66, 61, 131, 3, 136, 179, 166, 148, 239, 80, 156, 129, 1, 161, 231, 26, 103, 227, 20, 27, 174, 198, 44, 99, 30, 244, 212, 61, 209, 213, 168, 170, 212, 43, 45, 31, 21, 164, 11, 195, 157, 201, 169, 83, 7, 170, 246, 225, 210, 36, 239, 180, 136, 236, 123, 78, 148, 120, 89, 165, 72, 71, 180, 207, 79, 203, 255, 7, 139, 110, 132, 64, 136, 179, 98, 57, 227, 66, 56, 18, 209, 102, 21, 131, 193, 17, 243, 41, 243, 252, 25, 238, 235, 6, 244, 83, 222, 155, 194, 199, 95, 89, 156, 141, 37, 5, 237, 231, 240, 72, 178, 223, 223, 170, 136, 37, 55, 162, 26, 224, 238, 68, 155, 238, 40, 116, 196, 72, 131, 30, 154, 103, 5, 193, 46, 168, 186, 214, 239, 248, 150, 200, 201, 239, 123, 6, 120, 79, 103, 106, 2, 179, 159, 94, 56, 213, 84, 55, 161, 215, 208, 124, 164, 11, 47, 78, 48, 2, 163, 102, 230, 252, 154, 158, 103, 122, 36, 86, 179, 146, 73, 155, 210, 57, 30, 157, 148, 105, 200, 225, 161, 133, 146, 32, 135, 118, 105, 22, 148, 17, 130, 9, 222, 157, 159, 148, 149, 66, 147, 158, 149, 236, 70, 165, 77, 159, 54, 7, 87, 34, 226, 29, 171, 82, 104, 233, 62, 30, 88, 37, 205, 241, 30, 22, 87, 222, 126, 249, 208, 4, 77, 130, 66, 151, 70, 101, 21, 193, 191, 72, 152, 230, 130, 127, 180, 128, 113, 112, 152, 219, 234, 13, 132, 115, 202, 157, 223, 119, 212, 217, 236, 102, 215, 241, 142, 154, 43, 202, 131, 96, 247, 216, 186, 161, 102, 39, 225, 164, 205, 121, 101, 201, 93, 103, 230, 36, 30, 225, 28, 83, 175, 151, 23, 92, 120, 27, 201, 53, 224, 91, 70, 180, 65, 55, 166, 62, 229, 88, 73, 77, 121, 41, 14, 53, 124, 167, 136, 114, 143, 13, 35, 178, 162, 231, 109]), view_tag: 19 }], new_commitments: [Commitment(e578449d4461f9d11fe2a62c362da09b6e0ca5f4e88fbfa1dcbb784e533d93ab)], new_nullifiers: [(Nullifier(fb2e64766a358dfeddcbf958eb4b74c88081c77df35d271286229955fd50faaa), faedc0719b65771eebb714541a20c4e59a4afef981f1762729fd8dabb8470829)], block_validity_window: ValidityWindow { from: None, to: None }, timestamp_validity_window: ValidityWindow { from: None, to: None } }
Stored persistent accounts at /root/lez-rc5/.localnet-resume/wallet/storage.json
=== approve as member 0 (partial 1-of-2) ===
approving as member index 0
Proving + submitting approve...
WARNING: proving in dev mode. This will not generate valid, secure proofs.
WARNING: Proving in dev mode does not generate a valid receipt. Receipts generated from this process are invalid and should never be used in production.
MEASURE_INNER_GUEST stats=SessionStats { segments: 1, total_cycles: 262144, user_cycles: 197041, paging_cycles: 45129, reserved_cycles: 19974 } prove_secs=0.095
WARNING: proving in dev mode. This will not generate valid, secure proofs.
WARNING: Proving in dev mode does not generate a valid receipt. Receipts generated from this process are invalid and should never be used in production.
MEASURE_OUTER_CIRCUIT stats=SessionStats { segments: 1, total_cycles: 1048576, user_cycles: 677173, paging_cycles: 82805, reserved_cycles: 288598 } prove_secs=0.129
MEASURE_PROOF_SIZE_BYTES=6366
approve tx_hash: 5660a71e2ed6a187b65c755d43176b5578ca5f3a46ed4fd276c6e9dda639a8d7
approval_count=1 (partial; this is the progress that must survive the restart)
=== KILL sequencer (pid 2093278, kill -9 = crash) ===
./scripts/lp0002-resume-rc5.sh: line 186: 2093278 Killed                  RUST_LOG=info RISC0_DEV_MODE=1 nohup "$BIN/sequencer_service" "$D/sequencer_config.json" --port "$PORT" > "$log" 2>&1
sequencer is down; port :3048 released; RocksDB at /root/lez-rc5/.localnet-resume/rocksdb retained
=== RESTART sequencer against SAME data dir /root/lez-rc5/.localnet-resume (rocksdb exists -> opens persisted state) ===
restart: reopened existing RocksDB (Block cache prepared; NO re-genesis)
=== verify approval_count STILL == 1 after the restart (RESUME evidence) ===
RESUME OK: approval_count==1 SURVIVED the sequencer kill+restart
          (was 1 before kill; reading 1 after restart on the SAME dir)
          run_read_status now: {"ready":true,"proposal_id":"9f1c47a26bd80355e12a7c904fb61833cc056e2188da471902f35ba06de41172","member_root":"fe674331798c881a980e994d9b58d95d43c30840b8da0f02b3d2b363be90f662","approval_count":1,"threshold":2}
          remaining approvals to threshold: 1
=== approve as member 1 (resumes from persisted count -> reaches threshold) ===
approving as member index 1
Proving + submitting approve...
WARNING: proving in dev mode. This will not generate valid, secure proofs.
WARNING: Proving in dev mode does not generate a valid receipt. Receipts generated from this process are invalid and should never be used in production.
MEASURE_INNER_GUEST stats=SessionStats { segments: 1, total_cycles: 262144, user_cycles: 209217, paging_cycles: 45464, reserved_cycles: 7463 } prove_secs=0.091
WARNING: proving in dev mode. This will not generate valid, secure proofs.
WARNING: Proving in dev mode does not generate a valid receipt. Receipts generated from this process are invalid and should never be used in production.
MEASURE_OUTER_CIRCUIT stats=SessionStats { segments: 1, total_cycles: 1048576, user_cycles: 701758, paging_cycles: 82805, reserved_cycles: 264013 } prove_secs=0.076
MEASURE_PROOF_SIZE_BYTES=6622
approve tx_hash: ad49f486717b92bda25333d31c7d1d4cb72d0c523c264bdff7efab37c19792d6
approval_count=2 (threshold reached, built on the count that survived the restart)
=== init_treasury (+ recipient) ===
treasury PDA:  78gWzy7gejKiEG5Rn9EXrc3qWoKKvoMAaUWjagzKn6s
recipient PDA: FKFUCJEdtAmapeNmJytFCkuHRxXs7bArbaJbHECus6xj
init_treasury treasury tx_hash: d397291ba6360a60d081eddc8bc9a50c759b367150f3b0570481a2b109a411be
init_treasury recipient tx_hash: 4f191345753c2d1ce03fe44900f6ab1c8a751ef671b113e8a9e3b0cdb452d9cd
next: fund the treasury with a plain `wallet auth-transfer send` (it is now
authenticated_transfer-owned, so the transfer needs no PDA signer), then run_execute.
=== fund treasury (5000) -> 78gWzy7gejKiEG5Rn9EXrc3qWoKKvoMAaUWjagzKn6s ===
Transaction hash is 0f1709f09db6f5c369237fc57f7e2e778e28ef0b717b0261fa5f16211441c80e
Transaction data is Public(PublicTransaction { message: Message { program_id: "d9a19237236822b1f8100576ebd19a19f74178f99e284c983a4ac44acbd5b472", account_ids: [6iArKUXxhUJqS7kCaPNhwMWt3ro71PDyBj7jwAyE2VQV, 78gWzy7gejKiEG5Rn9EXrc3qWoKKvoMAaUWjagzKn6s], nonces: [Nonce(2)], instruction_data: [0, 5000, 0, 0, 0] }, witness_set: WitnessSet { signatures_and_public_keys: [(816949825d3ce8f3f5c98b65ab126c813a6dfa6eea25cc355c4fab7df67cb5771cd32131981edfeec14435f6b80efec3292279ad0535071fdfa8cef9b0207071, b6eb0e598cb1fbcb8ffbb13bd9deef0e4ad4c6bb39382873f7b509e05f3214fa)] } })
Stored persistent accounts at /root/lez-rc5/.localnet-resume/wallet/storage.json
=== execute (threshold-gated treasury release) ===
proposal:  Hf84MVjYamaaCxmBpziYEow6JNuLH7SBNdzLwArf23vu
treasury:  78gWzy7gejKiEG5Rn9EXrc3qWoKKvoMAaUWjagzKn6s
recipient: FKFUCJEdtAmapeNmJytFCkuHRxXs7bArbaJbHECus6xj
execute tx_hash: 2354ebbd131ef55b8df77f3323500b3a8f36b3462de4b7dfc98137d617a24908
=== assert state (EXPECT_COUNT=2, treasury drained, recipient=5000) ===
ASSERT proposal Hf84MVjYamaaCxmBpziYEow6JNuLH7SBNdzLwArf23vu: approval_count=2 (expect 2)
ASSERT treasury 78gWzy7gejKiEG5Rn9EXrc3qWoKKvoMAaUWjagzKn6s: balance=5000 (expect 0)
Error: FAIL treasury balance 5000 != expected 0
ASSERT proposal Hf84MVjYamaaCxmBpziYEow6JNuLH7SBNdzLwArf23vu: approval_count=2 (expect 2)
ASSERT treasury 78gWzy7gejKiEG5Rn9EXrc3qWoKKvoMAaUWjagzKn6s: balance=0 (expect 0)
ASSERT recipient FKFUCJEdtAmapeNmJytFCkuHRxXs7bArbaJbHECus6xj: balance=5000 (expect 5000)
ALL ASSERTIONS PASSED
=== LP-0002 rc5 PARTIAL-APPROVAL RESUME GREEN (approval_count==1 survived the restart) ===
EXIT_CODE=0
