=== release build start 13:07 ===
   Compiling quote v1.0.45
   Compiling proc-macro2 v1.0.106
   Compiling unicode-ident v1.0.24
   Compiling libc v0.2.186
   Compiling syn v2.0.117
   Compiling cfg-if v1.0.4
   Compiling serde_core v1.0.228
   Compiling serde v1.0.228
   Compiling subtle v2.6.1
   Compiling version_check v0.9.5
   Compiling typenum v1.20.1
   Compiling serde_derive v1.0.228
   Compiling zeroize_derive v1.4.3
   Compiling zeroize v1.8.2
   Compiling getrandom v0.2.17
   Compiling pin-project-lite v0.2.17
   Compiling once_cell v1.21.4
   Compiling rand_core v0.6.4
   Compiling generic-array v0.14.7
   Compiling thiserror v2.0.18
   Compiling memchr v2.8.1
   Compiling log v0.4.31
   Compiling bytes v1.11.1
   Compiling thiserror-impl v2.0.18
   Compiling smallvec v1.15.1
   Compiling tracing-attributes v0.1.31
   Compiling crypto-common v0.1.7
   Compiling const-oid v0.9.6
   Compiling tracing-core v0.1.36
   Compiling zerocopy v0.8.50
   Compiling zerocopy-derive v0.8.50
   Compiling tracing v0.1.44
   Compiling block-buffer v0.10.4
   Compiling digest v0.10.7
   Compiling libm v0.2.16
   Compiling autocfg v1.5.1
   Compiling equivalent v1.0.2
   Compiling anyhow v1.0.103
   Compiling futures-core v0.3.32
   Compiling itoa v1.0.18
   Compiling paste v1.0.15
   Compiling futures-sink v0.3.32
   Compiling num-traits v0.2.19
   Compiling ppv-lite86 v0.2.21
   Compiling rand_chacha v0.3.1
   Compiling rand v0.8.6
   Compiling futures-io v0.3.32
   Compiling parking_lot_core v0.9.12
   Compiling slab v0.4.12
   Compiling cpufeatures v0.2.17
   Compiling scopeguard v1.2.0
   Compiling lock_api v0.4.14
   Compiling parking_lot v0.12.5
   Compiling futures-channel v0.3.32
   Compiling futures-macro v0.3.32
   Compiling futures-task v0.3.32
   Compiling futures-util v0.3.32
   Compiling errno v0.3.14
   Compiling socket2 v0.6.4
   Compiling signal-hook-registry v1.4.8
   Compiling tokio-macros v2.7.0
   Compiling mio v1.2.1
   Compiling tokio v1.52.3
   Compiling synstructure v0.13.2
   Compiling either v1.16.0
   Compiling find-msvc-tools v0.1.9
   Compiling shlex v2.0.1
   Compiling cc v1.2.63
   Compiling displaydoc v0.2.6
   Compiling num-integer v0.1.46
   Compiling syn v1.0.109
   Compiling sha2 v0.10.9
   Compiling rustversion v1.0.22
   Compiling zmij v1.0.21
   Compiling allocator-api2 v0.2.21
   Compiling foldhash v0.1.5
   Compiling hashbrown v0.15.5
   Compiling zerofrom-derive v0.1.7
   Compiling yoke-derive v0.8.2
   Compiling zerofrom v0.1.8
   Compiling hashbrown v0.17.1
   Compiling stable_deref_trait v1.2.1
   Compiling yoke v0.8.2
   Compiling indexmap v2.14.0
   Compiling ring v0.17.14
   Compiling base64ct v1.8.3
   Compiling rustix v1.1.4
   Compiling pem-rfc7468 v0.7.0
   Compiling itertools v0.14.0
   Compiling num-bigint v0.4.6
   Compiling zerovec-derive v0.11.3
   Compiling byteorder v1.5.0
   Compiling percent-encoding v2.3.2
   Compiling zerovec v0.11.6
   Compiling der v0.7.10
   Compiling spin v0.9.9
   Compiling lazy_static v1.5.0
   Compiling semver v1.0.28
   Compiling tinystr v0.8.3
   Compiling spki v0.7.3
   Compiling pkcs8 v0.10.2
   Compiling signature v2.2.0
   Compiling arrayvec v0.7.6
   Compiling litemap v0.8.2
   Compiling cfg_aliases v0.2.1
   Compiling writeable v0.6.3
   Compiling unicode-segmentation v1.13.3
   Compiling icu_locale_core v2.2.0
   Compiling potential_utf v0.1.5
   Compiling zerotrie v0.2.4
   Compiling rand_core v0.10.1
   Compiling icu_normalizer_data v2.2.0
   Compiling serde_json v1.0.150
   Compiling icu_properties_data v2.2.0
   Compiling strsim v0.11.1
   Compiling utf8_iter v1.0.4
   Compiling ident_case v1.0.1
   Compiling icu_collections v2.2.0
   Compiling icu_provider v2.2.0
   Compiling ahash v0.8.12
   Compiling rustls v0.23.40
   Compiling ark-std v0.5.0
   Compiling ark-serialize-derive v0.5.0
   Compiling enum-ordinalize-derive v4.3.2
   Compiling getrandom v0.4.2
   Compiling getrandom v0.3.4
   Compiling enum-ordinalize v4.3.2
   Compiling ark-serialize v0.5.0
   Compiling icu_properties v2.2.0
   Compiling icu_normalizer v2.2.0
   Compiling form_urlencoded v1.2.2
   Compiling heck v0.5.0
   Compiling idna_adapter v1.2.2
   Compiling educe v0.6.0
   Compiling ark-ff-macros v0.5.0
   Compiling itertools v0.13.0
   Compiling futures-executor v0.3.32
   Compiling ark-ff-asm v0.5.0
   Compiling hex v0.4.3
   Compiling ark-ff v0.5.0
   Compiling rand_core v0.9.5
   Compiling idna v1.1.0
   Compiling url v2.5.8
   Compiling blake2 v0.10.6
   Compiling rand_chacha v0.9.0
   Compiling futures v0.3.32
   Compiling tokio-util v0.7.18
   Compiling rand v0.9.4
   Compiling darling_core v0.23.0
   Compiling cmov v0.5.4
   Compiling ark-poly v0.5.0
   Compiling keccak v0.1.6
   Compiling ark-ec v0.5.0
   Compiling ctutils v0.4.2
   Compiling darling_macro v0.23.0
   Compiling base16ct v0.2.0
   Compiling serdect v0.2.0
   Compiling darling v0.23.0
   Compiling hybrid-array v0.4.12
   Compiling hmac v0.12.1
   Compiling ff v0.13.1
   Compiling group v0.13.0
   Compiling ark-bn254 v0.5.0
   Compiling serde_with_macros v3.20.0
   Compiling sec1 v0.7.3
   Compiling crypto-bigint v0.5.5
   Compiling async-trait v0.1.89
   Compiling elliptic-curve v0.13.8
   Compiling rfc6979 v0.4.0
   Compiling tracing-subscriber v0.2.25
   Compiling linux-raw-sys v0.12.1
   Compiling bitflags v2.12.1
   Compiling ark-relations v0.5.1
   Compiling ecdsa v0.16.9
   Compiling rustc_version v0.4.1
   Compiling prost-derive v0.14.3
   Compiling num_enum_derive v0.7.6
   Compiling winnow v1.0.3
   Compiling prost v0.14.3
   Compiling toml_parser v1.1.2+spec-1.1.0
   Compiling curve25519-dalek v4.1.3
   Compiling k256 v0.13.4
   Compiling ark-snark v0.5.1
   Compiling merlin v3.0.0
   Compiling derivative v2.2.0
   Compiling ark-crypto-primitives-macros v0.5.0
   Compiling crc32fast v1.5.0
   Compiling data-encoding v2.11.0
   Compiling toml_datetime v1.1.1+spec-1.1.0
   Compiling toml_edit v0.25.12+spec-1.1.0
   Compiling ark-crypto-primitives v0.5.0
   Compiling curve25519-dalek-derive v0.1.1
   Compiling fnv v1.0.7
   Compiling ark-groth16 v0.5.0
   Compiling proc-macro-crate v3.5.0
   Compiling unsigned-varint v0.8.0
   Compiling option-ext v0.2.0
   Compiling data-encoding-macro-internal v0.1.18
   Compiling dirs-sys v0.5.0
   Compiling ed25519 v2.2.3
   Compiling aho-corasick v1.1.4
   Compiling match-lookup v0.1.2
   Compiling const-str v0.4.3
   Compiling regex-syntax v0.8.10
   Compiling static_assertions v1.1.0
   Compiling regex-automata v0.4.14
   Compiling base256emoji v1.0.2
   Compiling ed25519-dalek v2.2.0
   Compiling dirs v6.0.0
   Compiling data-encoding-macro v0.1.20
   Compiling multihash v0.19.5
   Compiling serde_with v3.20.0
   Compiling crypto-common v0.2.2
   Compiling hkdf v0.12.4
   Compiling rustls-pki-types v1.14.1
   Compiling pin-project-internal v1.1.13
   Compiling httparse v1.10.1
   Compiling untrusted v0.9.0
   Compiling bs58 v0.5.1
   Compiling base-x v0.2.11
   Compiling asn1_der v0.7.7
   Compiling libp2p-identity v0.2.14
   Compiling multibase v0.9.2
   Compiling pin-project v1.1.13
   Compiling borsh-derive v1.6.1
   Compiling bytemuck_derive v1.10.2
   Compiling stability v0.2.1
   Compiling adler2 v2.0.1
   Compiling simd-adler32 v0.3.9
   Compiling arrayref v0.3.9
   Compiling multiaddr v0.18.2
   Compiling http v1.4.1
   Compiling miniz_oxide v0.8.9
   Compiling rustls-webpki v0.103.13
   Compiling base64 v0.22.1
   Compiling ureq-proto v0.6.0
   Compiling flate2 v1.1.9
   Compiling webpki-roots v1.0.7
   Compiling xattr v1.6.1
   Compiling block-buffer v0.12.0
   Compiling tokio-stream v0.1.18
   Compiling strum_macros v0.27.2
   Compiling filetime v0.2.29
   Compiling utf8-zero v0.8.1
   Compiling powerfmt v0.2.0
   Compiling time-core v0.1.8
   Compiling num-conv v0.2.2
   Compiling deranged v0.5.8
   Compiling time-macros v0.2.27
   Compiling ureq v3.3.0
   Compiling tar v0.4.46
   Compiling fd-lock v4.0.4
   Compiling time v0.3.47
   Compiling logos-blockchain-circuits-build v0.5.3 (https://github.com/logos-blockchain/logos-blockchain-circuits.git?tag=v0.5.3#12762688)
   Compiling convert_case v0.10.0
   Compiling const-oid v0.10.2
   Compiling unicode-xid v0.2.6
   Compiling derive_more-impl v2.1.1
   Compiling ruint-macro v1.2.1
   Compiling thiserror v1.0.69
   Compiling ipnet v2.12.0
   Compiling thiserror-impl v1.0.69
   Compiling darling_core v0.20.11
   Compiling http-body v1.0.1
   Compiling ryu v1.0.23
   Compiling darling_macro v0.20.11
   Compiling tower-service v0.3.3
   Compiling darling v0.20.11
   Compiling digest v0.11.3
   Compiling strum v0.27.2
   Compiling num_enum v0.7.6
   Compiling num-bigint-dig v0.8.6
   Compiling proc-macro-utils v0.10.0
   Compiling regex v1.12.3
   Compiling logos-blockchain-circuits-types v0.5.3 (https://github.com/logos-blockchain/logos-blockchain-circuits.git?tag=v0.5.3#12762688)
   Compiling logos-blockchain-log-targets-macros v0.0.0 (https://github.com/logos-blockchain/logos-blockchain.git?rev=e2a1c3b7ef2191c224f998b94332c5926c789f9d#e2a1c3b7)
   Compiling logos-blockchain-log-targets v0.0.0 (https://github.com/logos-blockchain/logos-blockchain.git?rev=e2a1c3b7ef2191c224f998b94332c5926c789f9d#e2a1c3b7)
   Compiling manyhow-macros v0.11.4
   Compiling prost-derive v0.13.5
   Compiling inout v0.1.4
   Compiling bincode v1.3.3
   Compiling futures-timer v3.0.4
   Compiling camino v1.2.2
   Compiling cipher v0.4.4
   Compiling prost v0.13.5
   Compiling manyhow v0.11.4
   Compiling logos-blockchain-circuits-common v0.5.3 (https://github.com/logos-blockchain/logos-blockchain-circuits.git?tag=v0.5.3#12762688)
   Compiling convert_case v0.8.0
   Compiling borsh v1.6.1
   Compiling generic-array v1.4.3
   Compiling chkstk_stub v0.1.0
   Compiling atomic-waker v1.1.2
   Compiling try-lock v0.2.5
   Compiling want v0.3.1
   Compiling h2 v0.4.14
   Compiling rust-rapidsnark v0.1.3 (https://github.com/logos-blockchain/logos-blockchain-rust-rapidsnark.git?rev=e91187f8ccb5bbfc7bb00dac88169112428da78f#e91187f8)
   Compiling logos-blockchain-groth16 v0.0.0 (https://github.com/logos-blockchain/logos-blockchain.git?rev=e2a1c3b7ef2191c224f998b94332c5926c789f9d#e2a1c3b7)
   Compiling overwatch-derive v0.1.0 (https://github.com/logos-co/Overwatch?rev=ae887f41f5a626c341179026ad7f03953ff2072e#ae887f41)
   Compiling http-body-util v0.1.3
   Compiling sync_wrapper v1.0.2
   Compiling httpdate v1.0.3
   Compiling crossbeam-utils v0.8.21
   Compiling tower-layer v0.3.3
   Compiling hyper v1.10.1
   Compiling overwatch v0.1.0 (https://github.com/logos-co/Overwatch?rev=ae887f41f5a626c341179026ad7f03953ff2072e#ae887f41)
   Compiling risc0-zkvm-platform v2.2.2
   Compiling derive_builder_core v0.20.2
   Compiling bytemuck v1.25.0
   Compiling block-padding v0.4.2
   Compiling risc0-zkp v3.0.4
   Compiling unsafe-libyaml v0.2.11
   Compiling fastrand v2.4.1
   Compiling humantime v2.3.0
   Compiling serde_yaml v0.9.34+deprecated
   Compiling inout v0.2.2
   Compiling risc0-core v3.0.1
   Compiling derive_builder_macro v0.20.2
   Compiling hyper-util v0.1.20
   Compiling tower v0.5.3
   Compiling const-hex v1.19.1
   Compiling serde_ignored v0.1.14
   Compiling hex-literal v0.4.1
   Compiling logos-blockchain-utils v0.0.0 (https://github.com/logos-blockchain/logos-blockchain.git?rev=e2a1c3b7ef2191c224f998b94332c5926c789f9d#e2a1c3b7)
   Compiling logos-blockchain-circuits-prover v0.0.0 (https://github.com/logos-blockchain/logos-blockchain.git?rev=e2a1c3b7ef2191c224f998b94332c5926c789f9d#e2a1c3b7)
   Compiling logos-blockchain-proofs-error v0.0.0 (https://github.com/logos-blockchain/logos-blockchain.git?rev=e2a1c3b7ef2191c224f998b94332c5926c789f9d#e2a1c3b7)
   Compiling sha3 v0.10.9
   Compiling quick-protobuf v0.8.1
   Compiling itertools v0.10.5
   Compiling cobs v0.3.0
   Compiling crunchy v0.2.4
   Compiling triomphe v0.1.15
   Compiling unsigned-varint v0.7.2
   Compiling archery v1.2.2
   Compiling multistream-select v0.13.0
   Compiling astro-float-num v0.3.6
   Compiling postcard v1.1.3
   Compiling spongefish v0.2.0 (https://github.com/arkworks-rs/spongefish.git?rev=3ded547f7f56d7f8a1fc4c9a5c0ce965310bba5f#3ded547f)
   Compiling cipher v0.5.2
   Compiling ruint v1.20.0
   Compiling derive_more v2.1.1
   Compiling logos-blockchain-circuits-pol-sys v0.5.3 (https://github.com/logos-blockchain/logos-blockchain-circuits.git?tag=v0.5.3#12762688)
   Compiling rw-stream-sink v0.4.0
   Compiling jf-crhf v0.2.0 (https://github.com/EspressoSystems/jellyfish?tag=jf-crhf-v0.2.0#f1538793)
   Compiling web-time v1.1.0
   Compiling elf v0.7.4
   Compiling risc0-binfmt v3.0.4
   Compiling libp2p-core v0.43.2
   Compiling jf-poseidon2 v0.2.0 (https://github.com/EspressoSystems/jellyfish.git?rev=8d80230358e900f8d63765a937f63f4978ca1daa#8d802303)
   Compiling astro-float-macro v0.4.5
   Compiling rpds v1.2.1
   Compiling num-iter v0.1.45
   Compiling serde_spanned v0.6.9
   Compiling toml_datetime v0.6.11
   Compiling winnow v0.7.15
   Compiling toml_write v0.1.2
   Compiling cpufeatures v0.3.0
   Compiling toml_edit v0.22.27
   Compiling astro-float v0.9.5
   Compiling logos-blockchain-poseidon2 v0.0.0 (https://github.com/logos-blockchain/logos-blockchain.git?rev=e2a1c3b7ef2191c224f998b94332c5926c789f9d#e2a1c3b7)
   Compiling risc0-circuit-recursion v4.0.4
   Compiling pkcs1 v0.7.5
   Compiling hashlink v0.10.0
   Compiling keccak v0.2.0 (https://github.com/logos-blockchain/sponges?rev=3a56e99771beedf04946eab21a4a62adc2951377#3a56e997)
   Compiling encoding_rs v0.8.35
   Compiling arraydeque v0.5.1
   Compiling yaml-rust2 v0.10.4
   Compiling rsa v0.9.10
   Compiling logos-blockchain-pol v0.0.0 (https://github.com/logos-blockchain/logos-blockchain.git?rev=e2a1c3b7ef2191c224f998b94332c5926c789f9d#e2a1c3b7)
   Compiling toml v0.8.23
   Compiling tempfile v3.27.0
   Compiling tokio-rustls v0.26.4
   Compiling logos-blockchain-circuits-poq-sys v0.5.3 (https://github.com/logos-blockchain/logos-blockchain-circuits.git?tag=v0.5.3#12762688)
   Compiling logos-blockchain-codec-macros v0.0.0 (https://github.com/logos-blockchain/logos-blockchain.git?rev=e2a1c3b7ef2191c224f998b94332c5926c789f9d#e2a1c3b7)
   Compiling cargo-platform v0.1.9
   Compiling no_std_strings v0.1.3
   Compiling tinyvec_macros v0.1.1
   Compiling risc0-circuit-keccak v4.0.5
   Compiling include_bytes_aligned v0.1.4
   Compiling tiny-keccak v2.0.2
   Compiling risc0-zkos-v1compat v2.2.2
   Compiling tinyvec v1.11.0
   Compiling cargo_metadata v0.19.2
   Compiling logos-blockchain-codec v0.0.0 (https://github.com/logos-blockchain/logos-blockchain.git?rev=e2a1c3b7ef2191c224f998b94332c5926c789f9d#e2a1c3b7)
   Compiling rzup v0.5.1
   Compiling lazy-regex-proc_macros v3.6.0
   Compiling derive_builder v0.20.2
   Compiling logos-blockchain-circuits-signature-sys v0.5.3 (https://github.com/logos-blockchain/logos-blockchain-circuits.git?tag=v0.5.3#12762688)
   Compiling libp2p-swarm-derive v0.35.0
   Compiling lru v0.12.5
   Compiling downcast-rs v1.2.1
   Compiling docker-generate v0.1.3
   Compiling bit-vec v0.8.0
   Compiling risc0-circuit-rv32im v4.0.4
   Compiling risc0-build v3.0.5
   Compiling rrs-lib v0.1.0
   Compiling libp2p-swarm v0.46.0
   Compiling lazy-regex v3.6.0
   Compiling sha3 v0.11.0
   Compiling logos-blockchain-dynamic-merkle v0.0.0 (https://github.com/logos-blockchain/logos-blockchain.git?rev=e2a1c3b7ef2191c224f998b94332c5926c789f9d#e2a1c3b7)
   Compiling risc0-groth16 v3.0.4
   Compiling crossbeam-channel v0.5.15
   Compiling light-poseidon v0.4.0
   Compiling logos-blockchain-circuits-poc-sys v0.5.3 (https://github.com/logos-blockchain/logos-blockchain-circuits.git?tag=v0.5.3#12762688)
   Compiling kem v0.3.0
   Compiling module-lattice v0.2.3
   Compiling minimal-lexical v0.2.1
   Compiling rustc-hash v2.1.2
   Compiling nom v7.1.3
   Compiling ml-kem v0.3.2
   Compiling hyper-rustls v0.27.9
   Compiling rs-merkle-tree v0.1.0
   Compiling risc0-zkvm v3.0.5
   Compiling logos-blockchain-merkle-tree v0.0.0 (https://github.com/logos-blockchain/logos-blockchain.git?rev=e2a1c3b7ef2191c224f998b94332c5926c789f9d#e2a1c3b7)
   Compiling logos-blockchain-poq v0.0.0 (https://github.com/logos-blockchain/logos-blockchain.git?rev=e2a1c3b7ef2191c224f998b94332c5926c789f9d#e2a1c3b7)
   Compiling chacha20 v0.10.0
   Compiling matchers v0.2.0
   Compiling sharded-slab v0.1.7
   Compiling opentelemetry v0.31.0
   Compiling tracing-log v0.2.0
   Compiling serde-big-array v0.5.1
   Compiling bytesize v2.3.1
   Compiling thread_local v1.1.9
   Compiling base58 v0.2.0
   Compiling nu-ansi-term v0.50.3
   Compiling tracing-subscriber v0.3.23
   Compiling lee_core v0.1.0 (/root/lez-rc5/lee/state_machine/core)
   Compiling logos-blockchain-zksign v0.0.0 (https://github.com/logos-blockchain/logos-blockchain.git?rev=e2a1c3b7ef2191c224f998b94332c5926c789f9d#e2a1c3b7)
   Compiling logos-blockchain-blend-crypto v0.0.0 (https://github.com/logos-blockchain/logos-blockchain.git?rev=e2a1c3b7ef2191c224f998b94332c5926c789f9d#e2a1c3b7)
   Compiling rusticata-macros v4.1.0
   Compiling logos-blockchain-cryptarchia-engine v0.0.0 (https://github.com/logos-blockchain/logos-blockchain.git?rev=e2a1c3b7ef2191c224f998b94332c5926c789f9d#e2a1c3b7)
   Compiling serde_urlencoded v0.7.1
   Compiling x25519-dalek v2.0.1
   Compiling asn1-rs-derive v0.6.0
   Compiling asn1-rs-impl v0.2.0
   Compiling logos-blockchain-key-management-system-macros v0.0.0 (https://github.com/logos-blockchain/logos-blockchain.git?rev=e2a1c3b7ef2191c224f998b94332c5926c789f9d#e2a1c3b7)
   Compiling portable-atomic v1.13.1
   Compiling logos-blockchain-key-management-system-keys v0.0.0 (https://github.com/logos-blockchain/logos-blockchain.git?rev=e2a1c3b7ef2191c224f998b94332c5926c789f9d#e2a1c3b7)
   Compiling asn1-rs v0.7.2
   Compiling logos-blockchain-poc v0.0.0 (https://github.com/logos-blockchain/logos-blockchain.git?rev=e2a1c3b7ef2191c224f998b94332c5926c789f9d#e2a1c3b7)
   Compiling logos-blockchain-blend-proofs v0.0.0 (https://github.com/logos-blockchain/logos-blockchain.git?rev=e2a1c3b7ef2191c224f998b94332c5926c789f9d#e2a1c3b7)
   Compiling logos-blockchain-blake2btree v0.0.0 (https://github.com/logos-blockchain/logos-blockchain.git?rev=e2a1c3b7ef2191c224f998b94332c5926c789f9d#e2a1c3b7)
   Compiling logos-blockchain-utxotree v0.0.0 (https://github.com/logos-blockchain/logos-blockchain.git?rev=e2a1c3b7ef2191c224f998b94332c5926c789f9d#e2a1c3b7)
   Compiling logos-blockchain-mmr v0.0.0 (https://github.com/logos-blockchain/logos-blockchain.git?rev=e2a1c3b7ef2191c224f998b94332c5926c789f9d#e2a1c3b7)
   Compiling tower-http v0.6.11
   Compiling hyper-timeout v0.5.2
   Compiling nix v0.30.1
   Compiling asynchronous-codec v0.7.0
   Compiling netlink-packet-core v0.8.1
   Compiling crossbeam-epoch v0.9.20
   Compiling oid-registry v0.8.1
   Compiling quick-protobuf-codec v0.3.1
   Compiling tonic v0.14.6
   Compiling reqwest v0.12.28
   Compiling logos-blockchain-core v0.0.0 (https://github.com/logos-blockchain/logos-blockchain.git?rev=e2a1c3b7ef2191c224f998b94332c5926c789f9d#e2a1c3b7)
   Compiling concurrent-queue v2.5.0
   Compiling futures-bounded v0.2.4
   Compiling quinn-udp v0.5.14
   Compiling netlink-sys v0.8.8
   Compiling snap v1.1.1
   Compiling parking v2.2.1
   Compiling event-listener v5.4.1
   Compiling netlink-proto v0.12.0
   Compiling tonic-prost v0.14.6
   Compiling netlink-packet-route v0.28.0
   Compiling der-parser v10.0.0
   Compiling opentelemetry_sdk v0.31.0
   Compiling prost-types v0.13.5
   Compiling yasna v0.5.2
   Compiling pem v3.0.6
   Compiling uuid v1.23.2
   Compiling enum-as-inner v0.6.1
   Compiling quinn v0.11.9
   Compiling async-recursion v1.1.1
   Compiling tagptr v0.2.0
   Compiling prometheus-client v0.22.3
   Compiling lru-slab v0.1.2
   Compiling match_cfg v0.1.0
   Compiling hostname v0.3.1
   Compiling quinn-proto v0.11.15
   Compiling moka v0.12.15
   Compiling hickory-proto v0.25.0-alpha.5
   Compiling rcgen v0.13.2
   Compiling loki-api v0.1.3
   Compiling rtnetlink v0.20.0
   Compiling opentelemetry-proto v0.31.0
   Compiling x509-parser v0.17.0
