[2026-06-26T14:37:05Z WARN  sequencer_core] Database not found at /root/lez-rc5/.localnet-resume/rocksdb, starting from genesis
[2m2026-06-26T14:37:05.864084Z[0m [32m INFO[0m [2mrisc0_zkvm::host::server::exec::executor[0m[2m:[0m execution time: 7.656065ms
[2m2026-06-26T14:37:05.967838Z[0m [32m INFO[0m [2mrisc0_zkvm::host::server::exec::executor[0m[2m:[0m execution time: 12.161119ms
[2m2026-06-26T14:37:06.066787Z[0m [32m INFO[0m [2mrisc0_zkvm::host::server::exec::executor[0m[2m:[0m execution time: 9.683993ms
[2m2026-06-26T14:37:06.115504Z[0m [32m INFO[0m [2mrisc0_zkvm::host::server::exec::executor[0m[2m:[0m execution time: 8.964279ms
[2m2026-06-26T14:37:06.201142Z[0m [32m INFO[0m [2mrisc0_zkvm::host::server::exec::executor[0m[2m:[0m execution time: 6.056232ms
[2m2026-06-26T14:37:06.285384Z[0m [32m INFO[0m [2mrisc0_zkvm::host::server::exec::executor[0m[2m:[0m execution time: 7.699641ms
[2m2026-06-26T14:37:06.373150Z[0m [32m INFO[0m [2mrisc0_zkvm::host::server::exec::executor[0m[2m:[0m execution time: 9.753207ms
[2m2026-06-26T14:37:06.474666Z[0m [32m INFO[0m [2mrisc0_zkvm::host::server::exec::executor[0m[2m:[0m execution time: 9.285543ms
[2m2026-06-26T14:37:06.562860Z[0m [32m INFO[0m [2mrisc0_zkvm::host::server::exec::executor[0m[2m:[0m execution time: 10.135954ms
[2m2026-06-26T14:37:06.659454Z[0m [32m INFO[0m [2mrisc0_zkvm::host::server::exec::executor[0m[2m:[0m execution time: 7.257023ms
[2m2026-06-26T14:37:06.748163Z[0m [32m INFO[0m [2mrisc0_zkvm::host::server::exec::executor[0m[2m:[0m execution time: 9.328948ms
[2m2026-06-26T14:37:06.836566Z[0m [32m INFO[0m [2mrisc0_zkvm::host::server::exec::executor[0m[2m:[0m execution time: 12.425567ms
[2m2026-06-26T14:37:06.965374Z[0m [32m INFO[0m [2mrisc0_zkvm::host::server::exec::executor[0m[2m:[0m execution time: 52.668992ms
[2m2026-06-26T14:37:07.050151Z[0m [32m INFO[0m [2mrisc0_zkvm::host::server::exec::executor[0m[2m:[0m execution time: 9.089716ms
[2m2026-06-26T14:37:07.139139Z[0m [32m INFO[0m [2mrisc0_zkvm::host::server::exec::executor[0m[2m:[0m execution time: 7.647472ms
[2026-06-26T14:37:07Z INFO  sequencer_service] Sequencer core set up
[2026-06-26T14:37:07Z INFO  sequencer_service] Starting Sequencer Service RPC server on 0.0.0.0:3048
[2026-06-26T14:37:07Z INFO  sequencer_service] RPC server started
[2026-06-26T14:37:07Z INFO  sequencer_service] Starting main sequencer loop
[2026-06-26T14:37:08Z INFO  sequencer_service] Collecting transactions from mempool, block creation
[2m2026-06-26T14:37:08.262679Z[0m [32m INFO[0m [2mrisc0_zkvm::host::server::exec::executor[0m[2m:[0m execution time: 6.836188ms
[2026-06-26T14:37:08Z INFO  sequencer_core] Created block with 1 transactions in 0 seconds
[2026-06-26T14:37:08Z INFO  sequencer_service] Block with id 2 created
[2026-06-26T14:37:08Z INFO  sequencer_service] Waiting for new transactions
[2026-06-26T14:37:09Z INFO  sequencer_service] Collecting transactions from mempool, block creation
[2m2026-06-26T14:37:09.367741Z[0m [32m INFO[0m [2mrisc0_zkvm::host::server::exec::executor[0m[2m:[0m execution time: 9.622381ms
[2026-06-26T14:37:09Z INFO  sequencer_core] Created block with 1 transactions in 0 seconds
[2026-06-26T14:37:09Z INFO  sequencer_service] Block with id 3 created
[2026-06-26T14:37:09Z INFO  sequencer_service] Waiting for new transactions
[2026-06-26T14:37:09Z INFO  jsonrpsee_server::server] connection; remote_addr=127.0.0.1:33786 conn_id=0
[2026-06-26T14:37:09Z INFO  jsonrpsee_server::server] connection; remote_addr=127.0.0.1:33792 conn_id=1
[2026-06-26T14:37:10Z INFO  sequencer_service] Collecting transactions from mempool, block creation
[2026-06-26T14:37:10Z INFO  sequencer_core] Validated transaction with hash 2262403372e8681604ce330f0040a1680b89f7db1c622ad6087e2bcf92fe8892, including it in block
[2m2026-06-26T14:37:10.528788Z[0m [32m INFO[0m [2mrisc0_zkvm::host::server::exec::executor[0m[2m:[0m execution time: 15.391219ms
[2026-06-26T14:37:10Z INFO  sequencer_core] Created block with 2 transactions in 0 seconds
[2026-06-26T14:37:10Z INFO  sequencer_service] Block with id 4 created
[2026-06-26T14:37:10Z INFO  sequencer_service] Waiting for new transactions
[2026-06-26T14:37:11Z INFO  sequencer_service] Collecting transactions from mempool, block creation
[2m2026-06-26T14:37:11.653155Z[0m [32m INFO[0m [2mrisc0_zkvm::host::server::exec::executor[0m[2m:[0m execution time: 11.398999ms
[2026-06-26T14:37:11Z INFO  sequencer_core] Created block with 1 transactions in 0 seconds
[2026-06-26T14:37:11Z INFO  sequencer_service] Block with id 5 created
[2026-06-26T14:37:11Z INFO  sequencer_service] Waiting for new transactions
[2026-06-26T14:37:12Z INFO  sequencer_service] Collecting transactions from mempool, block creation
[2m2026-06-26T14:37:12.757169Z[0m [32m INFO[0m [2mrisc0_zkvm::host::server::exec::executor[0m[2m:[0m execution time: 10.191578ms
[2026-06-26T14:37:12Z INFO  sequencer_core] Created block with 1 transactions in 0 seconds
[2026-06-26T14:37:12Z INFO  sequencer_service] Block with id 6 created
[2026-06-26T14:37:12Z INFO  sequencer_service] Waiting for new transactions
[2026-06-26T14:37:13Z INFO  sequencer_service] Collecting transactions from mempool, block creation
[2m2026-06-26T14:37:13.864667Z[0m [32m INFO[0m [2mrisc0_zkvm::host::server::exec::executor[0m[2m:[0m execution time: 7.376584ms
[2026-06-26T14:37:13Z INFO  sequencer_core] Created block with 1 transactions in 0 seconds
[2026-06-26T14:37:13Z INFO  sequencer_service] Block with id 7 created
[2026-06-26T14:37:13Z INFO  sequencer_service] Waiting for new transactions
[2026-06-26T14:37:14Z INFO  jsonrpsee_server::server] connection; remote_addr=127.0.0.1:43872 conn_id=2
[2026-06-26T14:37:14Z INFO  sequencer_service] Collecting transactions from mempool, block creation
[2m2026-06-26T14:37:15.009655Z[0m [32m INFO[0m [2mrisc0_zkvm::host::server::exec::executor[0m[2m:[0m execution time: 47.95875ms
[2026-06-26T14:37:15Z INFO  sequencer_core] Validated transaction with hash cacc90ed6b7b5120c8efd8e91737ae096dba59bf40a4e14a579818f4044f1c18, including it in block
[2m2026-06-26T14:37:15.145284Z[0m [32m INFO[0m [2mrisc0_zkvm::host::server::exec::executor[0m[2m:[0m execution time: 49.903002ms
[2026-06-26T14:37:15Z INFO  sequencer_core] Validated transaction with hash b7b5ec2ed7636c0aa7d54e0082beab1bb9c46d19c9c37af18d5306fab3ec9644, including it in block
[2m2026-06-26T14:37:15.273249Z[0m [32m INFO[0m [2mrisc0_zkvm::host::server::exec::executor[0m[2m:[0m execution time: 48.962614ms
[2026-06-26T14:37:15Z INFO  sequencer_core] Validated transaction with hash 7036382203d187c1f61de5fd12cc7634f2c8ac9e56788ee508e99670be80085e, including it in block
[2m2026-06-26T14:37:15.364260Z[0m [32m INFO[0m [2mrisc0_zkvm::host::server::exec::executor[0m[2m:[0m execution time: 11.399ms
[2026-06-26T14:37:15Z INFO  sequencer_core] Created block with 4 transactions in 0 seconds
[2026-06-26T14:37:15Z INFO  sequencer_service] Block with id 8 created
[2026-06-26T14:37:15Z INFO  sequencer_service] Waiting for new transactions
[2026-06-26T14:37:16Z INFO  sequencer_service] Collecting transactions from mempool, block creation
[2m2026-06-26T14:37:16.485093Z[0m [32m INFO[0m [2mrisc0_zkvm::host::server::exec::executor[0m[2m:[0m execution time: 10.547365ms
[2026-06-26T14:37:16Z INFO  sequencer_core] Created block with 1 transactions in 0 seconds
[2026-06-26T14:37:16Z INFO  sequencer_service] Block with id 9 created
[2026-06-26T14:37:16Z INFO  sequencer_service] Waiting for new transactions
[2026-06-26T14:37:17Z INFO  sequencer_service] Collecting transactions from mempool, block creation
[2m2026-06-26T14:37:17.608186Z[0m [32m INFO[0m [2mrisc0_zkvm::host::server::exec::executor[0m[2m:[0m execution time: 7.271715ms
[2026-06-26T14:37:17Z INFO  sequencer_core] Created block with 1 transactions in 0 seconds
[2026-06-26T14:37:17Z INFO  sequencer_service] Block with id 10 created
[2026-06-26T14:37:17Z INFO  sequencer_service] Waiting for new transactions
[2026-06-26T14:37:18Z INFO  jsonrpsee_server::server] connection; remote_addr=127.0.0.1:43876 conn_id=3
[2026-06-26T14:37:18Z INFO  jsonrpsee_server::server] connection; remote_addr=127.0.0.1:43880 conn_id=4
[2026-06-26T14:37:18Z INFO  sequencer_service] Collecting transactions from mempool, block creation
[2m2026-06-26T14:37:18.677413Z[0m [32m INFO[0m [2mrisc0_zkvm::host::server::exec::executor[0m[2m:[0m execution time: 10.483849ms
[2026-06-26T14:37:18Z INFO  sequencer_core] Validated transaction with hash 46d69913062b3a7c88fc77c549cd388115567337bc97c00e0421c338d258c3dd, including it in block
[2m2026-06-26T14:37:18.786359Z[0m [32m INFO[0m [2mrisc0_zkvm::host::server::exec::executor[0m[2m:[0m execution time: 11.592682ms
[2026-06-26T14:37:18Z INFO  sequencer_core] Created block with 2 transactions in 0 seconds
[2026-06-26T14:37:18Z INFO  sequencer_service] Block with id 11 created
[2026-06-26T14:37:18Z INFO  sequencer_service] Waiting for new transactions
[2026-06-26T14:37:19Z INFO  jsonrpsee_server::server] connection; remote_addr=127.0.0.1:43886 conn_id=5
[2026-06-26T14:37:19Z INFO  jsonrpsee_server::server] connection; remote_addr=127.0.0.1:43894 conn_id=6
[2026-06-26T14:37:19Z INFO  jsonrpsee_server::server] connection; remote_addr=127.0.0.1:43906 conn_id=7
[2026-06-26T14:37:19Z INFO  sequencer_service] Collecting transactions from mempool, block creation
[2026-06-26T14:37:19Z INFO  sequencer_core] Validated transaction with hash 9fbf759698904ea360717cb902a89481d8eea2c514c39a4ebc36bd9006c71ac8, including it in block
[2m2026-06-26T14:37:19.883308Z[0m [32m INFO[0m [2mrisc0_zkvm::host::server::exec::executor[0m[2m:[0m execution time: 9.945528ms
[2026-06-26T14:37:19Z INFO  sequencer_core] Created block with 2 transactions in 0 seconds
[2026-06-26T14:37:19Z INFO  sequencer_service] Block with id 12 created
[2026-06-26T14:37:19Z INFO  sequencer_service] Waiting for new transactions
[2026-06-26T14:37:20Z INFO  sequencer_service] Collecting transactions from mempool, block creation
[2m2026-06-26T14:37:20.941674Z[0m [32m INFO[0m [2mrisc0_zkvm::host::server::exec::executor[0m[2m:[0m execution time: 10.769691ms
[2026-06-26T14:37:20Z INFO  sequencer_core] Created block with 1 transactions in 0 seconds
[2026-06-26T14:37:20Z INFO  sequencer_service] Block with id 13 created
[2026-06-26T14:37:20Z INFO  sequencer_service] Waiting for new transactions
[2026-06-26T14:37:21Z INFO  sequencer_service] Collecting transactions from mempool, block creation
[2m2026-06-26T14:37:22.046601Z[0m [32m INFO[0m [2mrisc0_zkvm::host::server::exec::executor[0m[2m:[0m execution time: 10.391791ms
[2026-06-26T14:37:22Z INFO  sequencer_core] Created block with 1 transactions in 0 seconds
[2026-06-26T14:37:22Z INFO  sequencer_service] Block with id 14 created
[2026-06-26T14:37:22Z INFO  sequencer_service] Waiting for new transactions
[2026-06-26T14:37:23Z INFO  sequencer_service] Collecting transactions from mempool, block creation
[2m2026-06-26T14:37:23.104144Z[0m [32m INFO[0m [2mrisc0_zkvm::host::server::exec::executor[0m[2m:[0m execution time: 8.844307ms
[2026-06-26T14:37:23Z INFO  sequencer_core] Created block with 1 transactions in 0 seconds
[2026-06-26T14:37:23Z INFO  sequencer_service] Block with id 15 created
[2026-06-26T14:37:23Z INFO  sequencer_service] Waiting for new transactions
[2026-06-26T14:37:24Z INFO  sequencer_service] Collecting transactions from mempool, block creation
[2m2026-06-26T14:37:24.197621Z[0m [32m INFO[0m [2mrisc0_zkvm::host::server::exec::executor[0m[2m:[0m execution time: 7.169501ms
[2026-06-26T14:37:24Z INFO  sequencer_core] Created block with 1 transactions in 0 seconds
[2026-06-26T14:37:24Z INFO  sequencer_service] Block with id 16 created
[2026-06-26T14:37:24Z INFO  sequencer_service] Waiting for new transactions
[2026-06-26T14:37:25Z INFO  sequencer_service] Collecting transactions from mempool, block creation
[2m2026-06-26T14:37:25.292967Z[0m [32m INFO[0m [2mrisc0_zkvm::host::server::exec::executor[0m[2m:[0m execution time: 8.107186ms
[2026-06-26T14:37:25Z INFO  sequencer_core] Created block with 1 transactions in 0 seconds
[2026-06-26T14:37:25Z INFO  sequencer_service] Block with id 17 created
[2026-06-26T14:37:25Z INFO  sequencer_service] Waiting for new transactions
[2026-06-26T14:37:26Z INFO  sequencer_service] Collecting transactions from mempool, block creation
[2m2026-06-26T14:37:26.410953Z[0m [32m INFO[0m [2mrisc0_zkvm::host::server::exec::executor[0m[2m:[0m execution time: 12.117782ms
[2026-06-26T14:37:26Z INFO  sequencer_core] Created block with 1 transactions in 0 seconds
[2026-06-26T14:37:26Z INFO  sequencer_service] Block with id 18 created
[2026-06-26T14:37:26Z INFO  sequencer_service] Waiting for new transactions
[2026-06-26T14:37:27Z INFO  sequencer_service] Collecting transactions from mempool, block creation
[2m2026-06-26T14:37:27.504408Z[0m [32m INFO[0m [2mrisc0_zkvm::host::server::exec::executor[0m[2m:[0m execution time: 7.411927ms
[2026-06-26T14:37:27Z INFO  sequencer_core] Created block with 1 transactions in 0 seconds
[2026-06-26T14:37:27Z INFO  sequencer_service] Block with id 19 created
[2026-06-26T14:37:27Z INFO  sequencer_service] Waiting for new transactions
[2026-06-26T14:37:28Z INFO  sequencer_service] Collecting transactions from mempool, block creation
[2m2026-06-26T14:37:28.604704Z[0m [32m INFO[0m [2mrisc0_zkvm::host::server::exec::executor[0m[2m:[0m execution time: 11.230926ms
[2026-06-26T14:37:28Z INFO  sequencer_core] Created block with 1 transactions in 0 seconds
[2026-06-26T14:37:28Z INFO  sequencer_service] Block with id 20 created
[2026-06-26T14:37:28Z INFO  sequencer_service] Waiting for new transactions
[2026-06-26T14:37:29Z INFO  sequencer_service] Collecting transactions from mempool, block creation
[2m2026-06-26T14:37:29.696909Z[0m [32m INFO[0m [2mrisc0_zkvm::host::server::exec::executor[0m[2m:[0m execution time: 6.59826ms
[2026-06-26T14:37:29Z INFO  sequencer_core] Created block with 1 transactions in 0 seconds
[2026-06-26T14:37:29Z INFO  sequencer_service] Block with id 21 created
[2026-06-26T14:37:29Z INFO  sequencer_service] Waiting for new transactions
[2026-06-26T14:37:30Z INFO  sequencer_service] Collecting transactions from mempool, block creation
[2m2026-06-26T14:37:30.803589Z[0m [32m INFO[0m [2mrisc0_zkvm::host::server::exec::executor[0m[2m:[0m execution time: 8.297833ms
[2026-06-26T14:37:30Z INFO  sequencer_core] Created block with 1 transactions in 0 seconds
[2026-06-26T14:37:30Z INFO  sequencer_service] Block with id 22 created
[2026-06-26T14:37:30Z INFO  sequencer_service] Waiting for new transactions
[2026-06-26T14:37:31Z INFO  sequencer_service] Collecting transactions from mempool, block creation
[2m2026-06-26T14:37:31.908134Z[0m [32m INFO[0m [2mrisc0_zkvm::host::server::exec::executor[0m[2m:[0m execution time: 8.576242ms
[2026-06-26T14:37:31Z INFO  sequencer_core] Created block with 1 transactions in 0 seconds
[2026-06-26T14:37:31Z INFO  sequencer_service] Block with id 23 created
[2026-06-26T14:37:31Z INFO  sequencer_service] Waiting for new transactions
[2026-06-26T14:37:32Z INFO  sequencer_service] Collecting transactions from mempool, block creation
[2m2026-06-26T14:37:33.014541Z[0m [32m INFO[0m [2mrisc0_zkvm::host::server::exec::executor[0m[2m:[0m execution time: 7.642394ms
[2026-06-26T14:37:33Z INFO  sequencer_core] Created block with 1 transactions in 0 seconds
[2026-06-26T14:37:33Z INFO  sequencer_service] Block with id 24 created
[2026-06-26T14:37:33Z INFO  sequencer_service] Waiting for new transactions
[2026-06-26T14:37:34Z INFO  sequencer_service] Collecting transactions from mempool, block creation
[2m2026-06-26T14:37:34.124010Z[0m [32m INFO[0m [2mrisc0_zkvm::host::server::exec::executor[0m[2m:[0m execution time: 7.310784ms
[2026-06-26T14:37:34Z INFO  sequencer_core] Created block with 1 transactions in 0 seconds
[2026-06-26T14:37:34Z INFO  sequencer_service] Block with id 25 created
[2026-06-26T14:37:34Z INFO  sequencer_service] Waiting for new transactions
[2026-06-26T14:37:35Z INFO  sequencer_service] Collecting transactions from mempool, block creation
[2m2026-06-26T14:37:35.217761Z[0m [32m INFO[0m [2mrisc0_zkvm::host::server::exec::executor[0m[2m:[0m execution time: 7.69324ms
[2026-06-26T14:37:35Z INFO  sequencer_core] Created block with 1 transactions in 0 seconds
[2026-06-26T14:37:35Z INFO  sequencer_service] Block with id 26 created
[2026-06-26T14:37:35Z INFO  sequencer_service] Waiting for new transactions
[2026-06-26T14:37:36Z INFO  sequencer_service] Collecting transactions from mempool, block creation
[2m2026-06-26T14:37:36.327584Z[0m [32m INFO[0m [2mrisc0_zkvm::host::server::exec::executor[0m[2m:[0m execution time: 7.317405ms
[2026-06-26T14:37:36Z INFO  sequencer_core] Created block with 1 transactions in 0 seconds
[2026-06-26T14:37:36Z INFO  sequencer_service] Block with id 27 created
[2026-06-26T14:37:36Z INFO  sequencer_service] Waiting for new transactions
[2026-06-26T14:37:37Z INFO  sequencer_service] Collecting transactions from mempool, block creation
[2m2026-06-26T14:37:37.455621Z[0m [32m INFO[0m [2mrisc0_zkvm::host::server::exec::executor[0m[2m:[0m execution time: 10.859195ms
[2026-06-26T14:37:37Z INFO  sequencer_core] Created block with 1 transactions in 0 seconds
[2026-06-26T14:37:37Z INFO  sequencer_service] Block with id 28 created
[2026-06-26T14:37:37Z INFO  sequencer_service] Waiting for new transactions
[2026-06-26T14:37:38Z INFO  sequencer_service] Collecting transactions from mempool, block creation
[2m2026-06-26T14:37:38.577816Z[0m [32m INFO[0m [2mrisc0_zkvm::host::server::exec::executor[0m[2m:[0m execution time: 7.591128ms
[2026-06-26T14:37:38Z INFO  sequencer_core] Created block with 1 transactions in 0 seconds
[2026-06-26T14:37:38Z INFO  sequencer_service] Block with id 29 created
[2026-06-26T14:37:38Z INFO  sequencer_service] Waiting for new transactions
[2026-06-26T14:37:39Z INFO  sequencer_service] Collecting transactions from mempool, block creation
[2m2026-06-26T14:37:39.737549Z[0m [32m INFO[0m [2mrisc0_zkvm::host::server::exec::executor[0m[2m:[0m execution time: 56.128059ms
[2026-06-26T14:37:39Z INFO  sequencer_core] Created block with 1 transactions in 0 seconds
[2026-06-26T14:37:39Z INFO  sequencer_service] Block with id 30 created
[2026-06-26T14:37:39Z INFO  sequencer_service] Waiting for new transactions
[2026-06-26T14:37:40Z INFO  sequencer_service] Collecting transactions from mempool, block creation
[2m2026-06-26T14:37:40.856705Z[0m [32m INFO[0m [2mrisc0_zkvm::host::server::exec::executor[0m[2m:[0m execution time: 7.729526ms
[2026-06-26T14:37:40Z INFO  sequencer_core] Created block with 1 transactions in 0 seconds
[2026-06-26T14:37:40Z INFO  sequencer_service] Block with id 31 created
[2026-06-26T14:37:40Z INFO  sequencer_service] Waiting for new transactions
[2026-06-26T14:37:41Z INFO  sequencer_service] Collecting transactions from mempool, block creation
[2m2026-06-26T14:37:41.973123Z[0m [32m INFO[0m [2mrisc0_zkvm::host::server::exec::executor[0m[2m:[0m execution time: 7.304635ms
[2026-06-26T14:37:41Z INFO  sequencer_core] Created block with 1 transactions in 0 seconds
[2026-06-26T14:37:41Z INFO  sequencer_service] Block with id 32 created
[2026-06-26T14:37:41Z INFO  sequencer_service] Waiting for new transactions
[2026-06-26T14:37:42Z INFO  sequencer_service] Collecting transactions from mempool, block creation
[2m2026-06-26T14:37:43.098541Z[0m [32m INFO[0m [2mrisc0_zkvm::host::server::exec::executor[0m[2m:[0m execution time: 8.263501ms
[2026-06-26T14:37:43Z INFO  sequencer_core] Created block with 1 transactions in 0 seconds
[2026-06-26T14:37:43Z INFO  sequencer_service] Block with id 33 created
[2026-06-26T14:37:43Z INFO  sequencer_service] Waiting for new transactions
[2026-06-26T14:37:44Z INFO  sequencer_service] Collecting transactions from mempool, block creation
[2m2026-06-26T14:37:44.191513Z[0m [32m INFO[0m [2mrisc0_zkvm::host::server::exec::executor[0m[2m:[0m execution time: 6.180299ms
[2026-06-26T14:37:44Z INFO  sequencer_core] Created block with 1 transactions in 0 seconds
[2026-06-26T14:37:44Z INFO  sequencer_service] Block with id 34 created
[2026-06-26T14:37:44Z INFO  sequencer_service] Waiting for new transactions
[2026-06-26T14:37:45Z INFO  sequencer_service] Collecting transactions from mempool, block creation
[2m2026-06-26T14:37:45.286217Z[0m [32m INFO[0m [2mrisc0_zkvm::host::server::exec::executor[0m[2m:[0m execution time: 9.910865ms
[2026-06-26T14:37:45Z INFO  sequencer_core] Created block with 1 transactions in 0 seconds
[2026-06-26T14:37:45Z INFO  sequencer_service] Block with id 35 created
[2026-06-26T14:37:45Z INFO  sequencer_service] Waiting for new transactions
[2026-06-26T14:37:46Z INFO  sequencer_service] Collecting transactions from mempool, block creation
[2m2026-06-26T14:37:46.394196Z[0m [32m INFO[0m [2mrisc0_zkvm::host::server::exec::executor[0m[2m:[0m execution time: 8.150881ms
[2026-06-26T14:37:46Z INFO  sequencer_core] Created block with 1 transactions in 0 seconds
[2026-06-26T14:37:46Z INFO  sequencer_service] Block with id 36 created
[2026-06-26T14:37:46Z INFO  sequencer_service] Waiting for new transactions
[2026-06-26T14:37:47Z INFO  sequencer_service] Collecting transactions from mempool, block creation
[2m2026-06-26T14:37:47.472368Z[0m [32m INFO[0m [2mrisc0_zkvm::host::server::exec::executor[0m[2m:[0m execution time: 6.644489ms
[2026-06-26T14:37:47Z INFO  sequencer_core] Created block with 1 transactions in 0 seconds
[2026-06-26T14:37:47Z INFO  sequencer_service] Block with id 37 created
[2026-06-26T14:37:47Z INFO  sequencer_service] Waiting for new transactions
[2026-06-26T14:37:48Z INFO  sequencer_service] Collecting transactions from mempool, block creation
[2m2026-06-26T14:37:48.590982Z[0m [32m INFO[0m [2mrisc0_zkvm::host::server::exec::executor[0m[2m:[0m execution time: 11.961599ms
[2026-06-26T14:37:48Z INFO  sequencer_core] Created block with 1 transactions in 0 seconds
[2026-06-26T14:37:48Z INFO  sequencer_service] Block with id 38 created
[2026-06-26T14:37:48Z INFO  sequencer_service] Waiting for new transactions
[2026-06-26T14:37:49Z INFO  jsonrpsee_server::server] connection; remote_addr=127.0.0.1:51192 conn_id=8
[2026-06-26T14:37:49Z INFO  sequencer_service] Collecting transactions from mempool, block creation
[2026-06-26T14:37:49Z INFO  sequencer_core] Validated transaction with hash fdd5a2e1bf4aa84a53df756ed1f19f533a77fad6354921a9eda99b6121a08299, including it in block
[2m2026-06-26T14:37:49.703035Z[0m [32m INFO[0m [2mrisc0_zkvm::host::server::exec::executor[0m[2m:[0m execution time: 12.656675ms
[2026-06-26T14:37:49Z INFO  sequencer_core] Created block with 2 transactions in 0 seconds
[2026-06-26T14:37:49Z INFO  sequencer_service] Block with id 39 created
[2026-06-26T14:37:49Z INFO  sequencer_service] Waiting for new transactions
[2026-06-26T14:37:50Z INFO  sequencer_service] Collecting transactions from mempool, block creation
[2m2026-06-26T14:37:50.805212Z[0m [32m INFO[0m [2mrisc0_zkvm::host::server::exec::executor[0m[2m:[0m execution time: 10.284438ms
[2026-06-26T14:37:50Z INFO  sequencer_core] Created block with 1 transactions in 0 seconds
[2026-06-26T14:37:50Z INFO  sequencer_service] Block with id 40 created
[2026-06-26T14:37:50Z INFO  sequencer_service] Waiting for new transactions
[2026-06-26T14:37:51Z INFO  sequencer_service] Collecting transactions from mempool, block creation
[2m2026-06-26T14:37:51.917005Z[0m [32m INFO[0m [2mrisc0_zkvm::host::server::exec::executor[0m[2m:[0m execution time: 11.280201ms
[2026-06-26T14:37:51Z INFO  sequencer_core] Created block with 1 transactions in 0 seconds
[2026-06-26T14:37:51Z INFO  sequencer_service] Block with id 41 created
[2026-06-26T14:37:51Z INFO  sequencer_service] Waiting for new transactions
[2026-06-26T14:37:52Z INFO  sequencer_service] Collecting transactions from mempool, block creation
[2m2026-06-26T14:37:52.990160Z[0m [32m INFO[0m [2mrisc0_zkvm::host::server::exec::executor[0m[2m:[0m execution time: 8.500347ms
[2026-06-26T14:37:52Z INFO  sequencer_core] Created block with 1 transactions in 0 seconds
[2026-06-26T14:37:53Z INFO  sequencer_service] Block with id 42 created
[2026-06-26T14:37:53Z INFO  sequencer_service] Waiting for new transactions
[2026-06-26T14:37:54Z INFO  sequencer_service] Collecting transactions from mempool, block creation
[2m2026-06-26T14:37:54.088588Z[0m [32m INFO[0m [2mrisc0_zkvm::host::server::exec::executor[0m[2m:[0m execution time: 7.344575ms
[2026-06-26T14:37:54Z INFO  sequencer_core] Created block with 1 transactions in 0 seconds
[2026-06-26T14:37:54Z INFO  sequencer_service] Block with id 43 created
[2026-06-26T14:37:54Z INFO  sequencer_service] Waiting for new transactions
[2026-06-26T14:37:55Z INFO  sequencer_service] Collecting transactions from mempool, block creation
[2m2026-06-26T14:37:55.185618Z[0m [32m INFO[0m [2mrisc0_zkvm::host::server::exec::executor[0m[2m:[0m execution time: 6.471909ms
[2026-06-26T14:37:55Z INFO  sequencer_core] Created block with 1 transactions in 0 seconds
[2026-06-26T14:37:55Z INFO  sequencer_service] Block with id 44 created
[2026-06-26T14:37:55Z INFO  sequencer_service] Waiting for new transactions
[2026-06-26T14:37:56Z INFO  sequencer_service] Collecting transactions from mempool, block creation
[2m2026-06-26T14:37:56.323544Z[0m [32m INFO[0m [2mrisc0_zkvm::host::server::exec::executor[0m[2m:[0m execution time: 49.75608ms
[2026-06-26T14:37:56Z INFO  sequencer_core] Created block with 1 transactions in 0 seconds
[2026-06-26T14:37:56Z INFO  sequencer_service] Block with id 45 created
[2026-06-26T14:37:56Z INFO  sequencer_service] Waiting for new transactions
[2026-06-26T14:37:57Z INFO  sequencer_service] Collecting transactions from mempool, block creation
[2m2026-06-26T14:37:57.439857Z[0m [32m INFO[0m [2mrisc0_zkvm::host::server::exec::executor[0m[2m:[0m execution time: 6.795437ms
[2026-06-26T14:37:57Z INFO  sequencer_core] Created block with 1 transactions in 0 seconds
[2026-06-26T14:37:57Z INFO  sequencer_service] Block with id 46 created
[2026-06-26T14:37:57Z INFO  sequencer_service] Waiting for new transactions
[2026-06-26T14:37:58Z INFO  sequencer_service] Collecting transactions from mempool, block creation
[2m2026-06-26T14:37:58.540770Z[0m [32m INFO[0m [2mrisc0_zkvm::host::server::exec::executor[0m[2m:[0m execution time: 10.186161ms
[2026-06-26T14:37:58Z INFO  sequencer_core] Created block with 1 transactions in 0 seconds
[2026-06-26T14:37:58Z INFO  sequencer_service] Block with id 47 created
[2026-06-26T14:37:58Z INFO  sequencer_service] Waiting for new transactions
[2026-06-26T14:37:59Z INFO  sequencer_service] Collecting transactions from mempool, block creation
[2m2026-06-26T14:37:59.653961Z[0m [32m INFO[0m [2mrisc0_zkvm::host::server::exec::executor[0m[2m:[0m execution time: 7.832992ms
[2026-06-26T14:37:59Z INFO  sequencer_core] Created block with 1 transactions in 0 seconds
[2026-06-26T14:37:59Z INFO  sequencer_service] Block with id 48 created
[2026-06-26T14:37:59Z INFO  sequencer_service] Waiting for new transactions
[2026-06-26T14:38:00Z INFO  sequencer_service] Collecting transactions from mempool, block creation
[2m2026-06-26T14:38:00.772855Z[0m [32m INFO[0m [2mrisc0_zkvm::host::server::exec::executor[0m[2m:[0m execution time: 11.359971ms
[2026-06-26T14:38:00Z INFO  sequencer_core] Created block with 1 transactions in 0 seconds
[2026-06-26T14:38:00Z INFO  sequencer_service] Block with id 49 created
[2026-06-26T14:38:00Z INFO  sequencer_service] Waiting for new transactions
[2026-06-26T14:38:01Z INFO  sequencer_service] Collecting transactions from mempool, block creation
[2m2026-06-26T14:38:01.886609Z[0m [32m INFO[0m [2mrisc0_zkvm::host::server::exec::executor[0m[2m:[0m execution time: 9.054935ms
[2026-06-26T14:38:01Z INFO  sequencer_core] Created block with 1 transactions in 0 seconds
[2026-06-26T14:38:01Z INFO  sequencer_service] Block with id 50 created
[2026-06-26T14:38:01Z INFO  sequencer_service] Waiting for new transactions
[2026-06-26T14:38:02Z INFO  sequencer_service] Collecting transactions from mempool, block creation
[2m2026-06-26T14:38:03.001677Z[0m [32m INFO[0m [2mrisc0_zkvm::host::server::exec::executor[0m[2m:[0m execution time: 7.91096ms
[2026-06-26T14:38:03Z INFO  sequencer_core] Created block with 1 transactions in 0 seconds
[2026-06-26T14:38:03Z INFO  sequencer_service] Block with id 51 created
[2026-06-26T14:38:03Z INFO  sequencer_service] Waiting for new transactions
[2026-06-26T14:38:04Z INFO  sequencer_service] Collecting transactions from mempool, block creation
[2m2026-06-26T14:38:04.113376Z[0m [32m INFO[0m [2mrisc0_zkvm::host::server::exec::executor[0m[2m:[0m execution time: 7.596636ms
[2026-06-26T14:38:04Z INFO  sequencer_core] Created block with 1 transactions in 0 seconds
[2026-06-26T14:38:04Z INFO  sequencer_service] Block with id 52 created
[2026-06-26T14:38:04Z INFO  sequencer_service] Waiting for new transactions
[2026-06-26T14:38:05Z INFO  sequencer_service] Collecting transactions from mempool, block creation
[2m2026-06-26T14:38:05.250024Z[0m [32m INFO[0m [2mrisc0_zkvm::host::server::exec::executor[0m[2m:[0m execution time: 48.440185ms
[2026-06-26T14:38:05Z INFO  sequencer_core] Created block with 1 transactions in 0 seconds
[2026-06-26T14:38:05Z INFO  sequencer_service] Block with id 53 created
[2026-06-26T14:38:05Z INFO  sequencer_service] Waiting for new transactions
[2026-06-26T14:38:06Z INFO  sequencer_service] Collecting transactions from mempool, block creation
[2m2026-06-26T14:38:06.345263Z[0m [32m INFO[0m [2mrisc0_zkvm::host::server::exec::executor[0m[2m:[0m execution time: 7.81869ms
[2026-06-26T14:38:06Z INFO  sequencer_core] Created block with 1 transactions in 0 seconds
[2026-06-26T14:38:06Z INFO  sequencer_service] Block with id 54 created
[2026-06-26T14:38:06Z INFO  sequencer_service] Waiting for new transactions
[2026-06-26T14:38:07Z INFO  sequencer_service] Collecting transactions from mempool, block creation
[2m2026-06-26T14:38:07.450188Z[0m [32m INFO[0m [2mrisc0_zkvm::host::server::exec::executor[0m[2m:[0m execution time: 6.563048ms
[2026-06-26T14:38:07Z INFO  sequencer_core] Created block with 1 transactions in 0 seconds
[2026-06-26T14:38:07Z INFO  sequencer_service] Block with id 55 created
[2026-06-26T14:38:07Z INFO  sequencer_service] Waiting for new transactions
[2026-06-26T14:38:08Z INFO  sequencer_service] Collecting transactions from mempool, block creation
[2m2026-06-26T14:38:08.543015Z[0m [32m INFO[0m [2mrisc0_zkvm::host::server::exec::executor[0m[2m:[0m execution time: 7.05586ms
[2026-06-26T14:38:08Z INFO  sequencer_core] Created block with 1 transactions in 0 seconds
[2026-06-26T14:38:08Z INFO  sequencer_service] Block with id 56 created
[2026-06-26T14:38:08Z INFO  sequencer_service] Waiting for new transactions
[2026-06-26T14:38:09Z INFO  sequencer_service] Collecting transactions from mempool, block creation
[2m2026-06-26T14:38:09.652589Z[0m [32m INFO[0m [2mrisc0_zkvm::host::server::exec::executor[0m[2m:[0m execution time: 6.681525ms
[2026-06-26T14:38:09Z INFO  sequencer_core] Created block with 1 transactions in 0 seconds
[2026-06-26T14:38:09Z INFO  sequencer_service] Block with id 57 created
[2026-06-26T14:38:09Z INFO  sequencer_service] Waiting for new transactions
[2026-06-26T14:38:10Z INFO  sequencer_service] Collecting transactions from mempool, block creation
[2m2026-06-26T14:38:10.794396Z[0m [32m INFO[0m [2mrisc0_zkvm::host::server::exec::executor[0m[2m:[0m execution time: 47.890486ms
[2026-06-26T14:38:10Z INFO  sequencer_core] Created block with 1 transactions in 0 seconds
[2026-06-26T14:38:10Z INFO  sequencer_service] Block with id 58 created
[2026-06-26T14:38:10Z INFO  sequencer_service] Waiting for new transactions
[2026-06-26T14:38:11Z INFO  sequencer_service] Collecting transactions from mempool, block creation
[2m2026-06-26T14:38:11.891543Z[0m [32m INFO[0m [2mrisc0_zkvm::host::server::exec::executor[0m[2m:[0m execution time: 9.614709ms
[2026-06-26T14:38:11Z INFO  sequencer_core] Created block with 1 transactions in 0 seconds
[2026-06-26T14:38:11Z INFO  sequencer_service] Block with id 59 created
[2026-06-26T14:38:11Z INFO  sequencer_service] Waiting for new transactions
[2026-06-26T14:38:12Z INFO  sequencer_service] Collecting transactions from mempool, block creation
[2m2026-06-26T14:38:12.997984Z[0m [32m INFO[0m [2mrisc0_zkvm::host::server::exec::executor[0m[2m:[0m execution time: 11.463526ms
[2026-06-26T14:38:12Z INFO  sequencer_core] Created block with 1 transactions in 0 seconds
[2026-06-26T14:38:13Z INFO  sequencer_service] Block with id 60 created
[2026-06-26T14:38:13Z INFO  sequencer_service] Waiting for new transactions
[2026-06-26T14:38:14Z INFO  sequencer_service] Collecting transactions from mempool, block creation
[2m2026-06-26T14:38:14.093051Z[0m [32m INFO[0m [2mrisc0_zkvm::host::server::exec::executor[0m[2m:[0m execution time: 7.89846ms
[2026-06-26T14:38:14Z INFO  sequencer_core] Created block with 1 transactions in 0 seconds
[2026-06-26T14:38:14Z INFO  sequencer_service] Block with id 61 created
[2026-06-26T14:38:14Z INFO  sequencer_service] Waiting for new transactions
[2026-06-26T14:38:15Z INFO  sequencer_service] Collecting transactions from mempool, block creation
[2m2026-06-26T14:38:15.186725Z[0m [32m INFO[0m [2mrisc0_zkvm::host::server::exec::executor[0m[2m:[0m execution time: 6.633222ms
[2026-06-26T14:38:15Z INFO  sequencer_core] Created block with 1 transactions in 0 seconds
[2026-06-26T14:38:15Z INFO  sequencer_service] Block with id 62 created
[2026-06-26T14:38:15Z INFO  sequencer_service] Waiting for new transactions
[2026-06-26T14:38:16Z INFO  sequencer_service] Collecting transactions from mempool, block creation
[2m2026-06-26T14:38:16.288390Z[0m [32m INFO[0m [2mrisc0_zkvm::host::server::exec::executor[0m[2m:[0m execution time: 6.841426ms
[2026-06-26T14:38:16Z INFO  sequencer_core] Created block with 1 transactions in 0 seconds
[2026-06-26T14:38:16Z INFO  sequencer_service] Block with id 63 created
[2026-06-26T14:38:16Z INFO  sequencer_service] Waiting for new transactions
[2026-06-26T14:38:17Z INFO  sequencer_service] Collecting transactions from mempool, block creation
[2m2026-06-26T14:38:17.399000Z[0m [32m INFO[0m [2mrisc0_zkvm::host::server::exec::executor[0m[2m:[0m execution time: 7.156522ms
[2026-06-26T14:38:17Z INFO  sequencer_core] Created block with 1 transactions in 0 seconds
[2026-06-26T14:38:17Z INFO  sequencer_service] Block with id 64 created
[2026-06-26T14:38:17Z INFO  sequencer_service] Waiting for new transactions
[2026-06-26T14:38:18Z INFO  sequencer_service] Collecting transactions from mempool, block creation
[2m2026-06-26T14:38:18.495722Z[0m [32m INFO[0m [2mrisc0_zkvm::host::server::exec::executor[0m[2m:[0m execution time: 10.264228ms
[2026-06-26T14:38:18Z INFO  sequencer_core] Created block with 1 transactions in 0 seconds
[2026-06-26T14:38:18Z INFO  sequencer_service] Block with id 65 created
[2026-06-26T14:38:18Z INFO  sequencer_service] Waiting for new transactions
[2026-06-26T14:38:19Z INFO  sequencer_service] Collecting transactions from mempool, block creation
[2m2026-06-26T14:38:19.609011Z[0m [32m INFO[0m [2mrisc0_zkvm::host::server::exec::executor[0m[2m:[0m execution time: 8.146495ms
[2026-06-26T14:38:19Z INFO  sequencer_core] Created block with 1 transactions in 0 seconds
[2026-06-26T14:38:19Z INFO  sequencer_service] Block with id 66 created
[2026-06-26T14:38:19Z INFO  sequencer_service] Waiting for new transactions
[2026-06-26T14:38:19Z INFO  jsonrpsee_server::server] connection; remote_addr=127.0.0.1:33624 conn_id=9
[2026-06-26T14:38:19Z INFO  jsonrpsee_server::server] connection; remote_addr=127.0.0.1:33640 conn_id=10
[2026-06-26T14:38:20Z INFO  sequencer_service] Collecting transactions from mempool, block creation
[2026-06-26T14:38:20Z INFO  sequencer_core] Validated transaction with hash 5660a71e2ed6a187b65c755d43176b5578ca5f3a46ed4fd276c6e9dda639a8d7, including it in block
[2m2026-06-26T14:38:20.708801Z[0m [32m INFO[0m [2mrisc0_zkvm::host::server::exec::executor[0m[2m:[0m execution time: 10.598492ms
[2026-06-26T14:38:20Z INFO  sequencer_core] Created block with 2 transactions in 0 seconds
[2026-06-26T14:38:20Z INFO  sequencer_service] Block with id 67 created
[2026-06-26T14:38:20Z INFO  sequencer_service] Waiting for new transactions
[2026-06-26T14:38:20Z INFO  jsonrpsee_server::server] connection; remote_addr=127.0.0.1:60606 conn_id=11
[2026-06-26T14:38:20Z INFO  jsonrpsee_server::server] connection; remote_addr=127.0.0.1:60616 conn_id=12
